Archive member included to satisfy reference by file (symbol)

/opt/riscv32/lib/gcc/riscv32-unknown-elf/10.2.0/libgcc.a(div.o)
                              build/print.o (__udivsi3)

Discarded input sections

 .debug_line    0x0000000000000000      0x168 /opt/riscv32/lib/gcc/riscv32-unknown-elf/10.2.0/libgcc.a(div.o)
 .debug_info    0x0000000000000000       0x26 /opt/riscv32/lib/gcc/riscv32-unknown-elf/10.2.0/libgcc.a(div.o)
 .debug_abbrev  0x0000000000000000       0x14 /opt/riscv32/lib/gcc/riscv32-unknown-elf/10.2.0/libgcc.a(div.o)
 .debug_aranges
                0x0000000000000000       0x20 /opt/riscv32/lib/gcc/riscv32-unknown-elf/10.2.0/libgcc.a(div.o)
 .debug_str     0x0000000000000000       0xa1 /opt/riscv32/lib/gcc/riscv32-unknown-elf/10.2.0/libgcc.a(div.o)

Memory Configuration

Name             Origin             Length             Attributes
*default*        0x0000000000000000 0xffffffffffffffff

Linker script and memory map

LOAD build/print.o
LOAD build/firmware.o
LOAD build/start.o

.memory         0x0000000000000000      0x344
                0x0000000000000000                . = 0x0
 *(.init)
 .init          0x0000000000000000       0x9c build/start.o
                0x000000000000008c                esns_nop
                0x0000000000000094                hard_mul
 *(.text)
 .text          0x000000000000009c       0xdc build/print.o
                0x000000000000009c                print_chr
                0x00000000000000a8                print_str
                0x00000000000000c4                print_dec
                0x0000000000000144                print_hex
 .text          0x0000000000000178        0x0 build/firmware.o
 .text          0x0000000000000178        0x0 build/start.o
 .text          0x0000000000000178       0xb4 /opt/riscv32/lib/gcc/riscv32-unknown-elf/10.2.0/libgcc.a(div.o)
                0x0000000000000178                __divsi3
                0x0000000000000180                __udivsi3
                0x00000000000001c8                __umodsi3
                0x00000000000001fc                __modsi3
 *(*)
 .data          0x000000000000022c        0x0 build/print.o
 .bss           0x000000000000022c        0x0 build/print.o
 .rodata.str1.4
                0x000000000000022c       0x11 build/print.o
 .comment       0x000000000000023d       0x1b build/print.o
                                         0x1c (size before relaxing)
 .riscv.attributes
                0x0000000000000258       0x1c build/print.o
 .data          0x0000000000000274        0x0 build/firmware.o
 .bss           0x0000000000000274        0x0 build/firmware.o
 .rodata.str1.4
                0x0000000000000274        0x8 build/firmware.o
 .text.startup  0x000000000000027c       0x6c build/firmware.o
                0x000000000000027c                main
 .comment       0x00000000000002e8       0x1c build/firmware.o
 .riscv.attributes
                0x00000000000002e8       0x1c build/firmware.o
 .data          0x0000000000000304        0x0 build/start.o
 .bss           0x0000000000000304        0x0 build/start.o
 .riscv.attributes
                0x0000000000000304       0x1f build/start.o
 .data          0x0000000000000323        0x0 /opt/riscv32/lib/gcc/riscv32-unknown-elf/10.2.0/libgcc.a(div.o)
 .bss           0x0000000000000323        0x0 /opt/riscv32/lib/gcc/riscv32-unknown-elf/10.2.0/libgcc.a(div.o)
 .riscv.attributes
                0x0000000000000323       0x1f /opt/riscv32/lib/gcc/riscv32-unknown-elf/10.2.0/libgcc.a(div.o)
                0x0000000000000344                . = ALIGN (0x4)
 *fill*         0x0000000000000342        0x2 
                0x0000000000000344                end = .
LOAD /opt/riscv32/lib/gcc/riscv32-unknown-elf/10.2.0/libgcc.a
OUTPUT(firmware.elf elf32-littleriscv)
